
  VITE v5.4.21  ready in 111 ms

  ➜  Local:   http://localhost:5173/
  ➜  Network: http://192.168.220.217:5173/
12:03:48 AM [vite] hmr update /src/components/Navbar.jsx, /src/index.css
12:06:29 AM [vite] page reload index.html
12:06:34 AM [vite] hmr update /src/index.css
12:07:57 AM [vite] page reload tailwind.config.js
12:08:02 AM [vite] hmr update /src/components/ui/Button.jsx, /src/index.css
12:08:06 AM [vite] hmr update /src/components/ui/Card.jsx, /src/index.css
12:08:11 AM [vite] hmr update /src/components/ui/Input.jsx, /src/index.css
12:08:16 AM [vite] hmr update /src/components/ui/Select.jsx, /src/index.css
12:08:20 AM [vite] hmr update /src/components/ui/Skeleton.jsx, /src/index.css
12:08:23 AM [vite] hmr update /src/components/ui/EmptyState.jsx, /src/index.css
12:08:37 AM [vite] hmr update /src/components/Badges.jsx, /src/index.css
12:09:07 AM [vite] hmr update /src/components/Navbar.jsx, /src/index.css
12:09:11 AM [vite] hmr update /src/App.jsx, /src/index.css
12:09:31 AM [vite] hmr update /src/pages/Dashboard.jsx, /src/index.css
12:09:42 AM [vite] hmr update /src/pages/Conversations.jsx, /src/index.css
12:09:57 AM [vite] hmr update /src/pages/ConversationDetail.jsx, /src/index.css
12:10:09 AM [vite] hmr update /src/pages/LiveAnalyzer.jsx, /src/index.css
12:10:20 AM [vite] hmr update /src/pages/Upload.jsx, /src/index.css
12:10:33 AM [vite] hmr update /src/pages/SystemHealth.jsx, /src/index.css
12:21:15 AM [vite] page reload tailwind.config.js
12:21:26 AM [vite] hmr update /src/components/ui/Button.jsx, /src/index.css
12:21:30 AM [vite] hmr update /src/components/ui/Card.jsx, /src/index.css
12:21:36 AM [vite] hmr update /src/components/ui/Input.jsx, /src/index.css
12:21:41 AM [vite] hmr update /src/components/ui/Select.jsx, /src/index.css
12:21:49 AM [vite] hmr update /src/components/Badges.jsx, /src/index.css
12:21:52 AM [vite] hmr update /src/components/ui/EmptyState.jsx, /src/index.css
12:22:01 AM [vite] hmr update /src/components/Sidebar.jsx, /src/index.css
12:22:09 AM [vite] hmr update /src/components/Navbar.jsx, /src/index.css
12:22:25 AM [vite] hmr update /src/pages/Dashboard.jsx, /src/index.css
12:22:37 AM [vite] hmr update /src/pages/Conversations.jsx, /src/index.css
12:22:51 AM [vite] hmr update /src/pages/ConversationDetail.jsx, /src/index.css
12:23:02 AM [vite] hmr update /src/pages/LiveAnalyzer.jsx, /src/index.css
12:23:11 AM [vite] hmr update /src/pages/Upload.jsx, /src/index.css
12:23:21 AM [vite] hmr update /src/pages/SystemHealth.jsx, /src/index.css
12:25:58 AM [vite] page reload tailwind.config.js
12:27:24 AM [vite] hmr update /src/components/ui/Card.jsx, /src/index.css
12:27:35 AM [vite] hmr update /src/components/Sidebar.jsx, /src/index.css
12:27:48 AM [vite] hmr update /src/App.jsx, /src/index.css
12:31:40 AM [vite] page reload tailwind.config.js
12:31:45 AM [vite] hmr update /src/components/ui/Card.jsx, /src/index.css
12:31:50 AM [vite] hmr update /src/components/ui/Button.jsx, /src/index.css
12:31:56 AM [vite] hmr update /src/components/ui/Input.jsx, /src/index.css
12:32:12 AM [vite] hmr update /src/components/ui/Select.jsx, /src/index.css
12:32:20 AM [vite] hmr update /src/components/ui/SegmentedControl.jsx, /src/index.css
12:32:32 AM [vite] hmr update /src/components/Badges.jsx, /src/index.css
12:32:51 AM [vite] hmr update /src/components/Sidebar.jsx, /src/index.css
12:33:00 AM [vite] hmr update /src/components/Sidebar.jsx, /src/index.css
12:33:13 AM [vite] hmr update /src/components/Navbar.jsx, /src/index.css
12:33:20 AM [vite] hmr update /src/App.jsx, /src/index.css
12:33:40 AM [vite] hmr update /src/pages/Dashboard.jsx, /src/index.css
12:33:52 AM [vite] hmr update /src/pages/Dashboard.jsx, /src/index.css
12:33:59 AM [vite] hmr update /src/pages/Dashboard.jsx, /src/index.css
12:34:17 AM [vite] hmr update /src/pages/Conversations.jsx, /src/index.css
12:34:25 AM [vite] hmr update /src/pages/Conversations.jsx, /src/index.css
12:34:43 AM [vite] hmr update /src/pages/ConversationDetail.jsx, /src/index.css
12:34:53 AM [vite] hmr update /src/pages/LiveAnalyzer.jsx, /src/index.css
12:35:03 AM [vite] hmr update /src/pages/Upload.jsx, /src/index.css
12:35:14 AM [vite] hmr update /src/pages/SystemHealth.jsx, /src/index.css
12:48:32 AM [vite] hmr update /src/index.css, /src/components/Navbar.jsx, /src/pages/Conversations.jsx, /src/pages/Dashboard.jsx, /src/pages/ConversationDetail.jsx, /src/pages/Upload.jsx, /src/pages/SystemHealth.jsx, /src/pages/LiveAnalyzer.jsx, /src/components/Sidebar.jsx, /src/components/mac/Dock.jsx, /src/components/mac/MenuBar.jsx
12:49:26 AM [vite] hmr update /src/App.jsx, /src/index.css
12:49:37 AM [vite] hmr update /src/components/Sidebar.jsx, /src/index.css
12:49:42 AM [vite] hmr update /src/components/Sidebar.jsx, /src/index.css
12:49:48 AM [vite] hmr update /src/components/Sidebar.jsx, /src/index.css
12:49:53 AM [vite] hmr update /src/components/Navbar.jsx, /src/index.css
1:22:43 AM [vite] hmr update /src/index.css, /src/components/Navbar.jsx, /src/pages/Conversations.jsx, /src/pages/Dashboard.jsx, /src/pages/ConversationDetail.jsx, /src/pages/Upload.jsx, /src/pages/SystemHealth.jsx, /src/pages/LiveAnalyzer.jsx, /src/components/Sidebar.jsx, /src/components/mac/Dock.jsx, /src/components/mac/MenuBar.jsx, /src/pages/CopilotStudio.jsx
1:22:43 AM [vite] hmr update /src/components/Navbar.jsx, /src/index.css
1:22:43 AM [vite] hmr update /src/components/Sidebar.jsx, /src/index.css
1:22:43 AM [vite] hmr update /src/App.jsx, /src/index.css
